// Jest Snapshot v1, https://goo.gl/fbAQLP

exports[`Search should render 1`] = `
<div>
  <form
    class="search"
  >
    <input
      class="input"
      placeholder="Movies, person, movie theaters"
      type="text"
      value=""
    />
    <button
      class="button"
      type="submit"
    />
  </form>
</div>
`;
