// Jest Snapshot v1, https://goo.gl/fbAQLP

exports[`Main should render with search results 1`] = `
<div>
  <div
    class="main"
  >
    <div>
      <h3
        class="title"
      >
        Search results:
      </h3>
      <p
        class="noResults"
      >
        No results found
      </p>
    </div>
    <div
      class="wrapPagination"
    >
      <ul
        class="pagination"
      />
    </div>
  </div>
</div>
`;

exports[`Main should render with the list of movies 1`] = `
<div>
  <div
    class="main"
  >
    <div
      class="wrapCategoriesSort"
    >
      <div
        class="categoriesSort"
      >
        <input
          checked=""
          id="radio-1"
          name="sort"
          type="radio"
          value="popular"
        />
        <label
          for="radio-1"
        >
          Popular
        </label>
        <input
          id="radio-2"
          name="sort"
          type="radio"
          value="top_rated"
        />
        <label
          for="radio-2"
        >
          Top rated
        </label>
        <input
          id="radio-3"
          name="sort"
          type="radio"
          value="upcoming"
        />
        <label
          for="radio-3"
        >
          Upcoming
        </label>
      </div>
    </div>
    <div
      class="wrapMovies"
    />
    <div
      class="wrapPagination"
    >
      <ul
        class="pagination"
      />
    </div>
  </div>
</div>
`;
