// Jest Snapshot v1, https://goo.gl/fbAQLP

exports[`MovieDescription should render 1`] = `
<div>
  <div
    class="movieDescription"
  >
    <div
      class="wrapPhotoMovie"
    >
      <img
        alt="movie"
        class="photoMovie"
        src="https://image.tmdb.org/t/p/w500/film_1.jpg"
      />
      <span
        class="rating"
      >
        68
      </span>
    </div>
    <div
      class="infoMovie"
    >
      <span
        class="title"
      >
        Title:
      </span>
      <h2
        class="nameMovie"
      >
        Красотка на взводе
      </h2>
      <div
        class="textBlock"
      >
        <span
          class="title"
        >
          Overview
          :
        </span>
        <p
          class="text"
        >
          Вышибала Линди плохо умеет управлять собственным гневом и постоянно боится кого-то убить в приступе ярости. В качестве самоконтроля она носит специальный жилет, который бьёт её током и успокаивает, прежде чем она совершит необратимое. Но после смерти возлюбленного Линди вынуждена забыть о контроле и отправиться на поиски убийцы.
        </p>
      </div>
      <div
        class="textBlock"
      >
        <span
          class="title"
        >
          Release date
          :
        </span>
        <p
          class="text"
        >
          2021-05-26
        </p>
      </div>
      <div
        class="textBlock"
      >
        <span
          class="title"
        >
          Revenue
          :
        </span>
        <p
          class="text"
        >
          $120000
        </p>
      </div>
      <div
        class="textBlock"
      >
        <span
          class="title"
        >
          Duration
          :
        </span>
        <p
          class="text"
        >
          120 minutes
        </p>
      </div>
      <div
        class="wrapGenre"
      >
        <div
          class="genre"
        >
          first genre
        </div>
      </div>
      <div
        class="wrapTopBilledCast"
      >
        <div
          class="topBilledCast"
        >
          <div
            class="header"
          >
            <span
              class="title"
            >
              Top billed cast
            </span>
            <button
              class="button"
            >
              Show all
            </button>
          </div>
          <div
            class="wrap"
          >
            <a
              class="actorCard"
              href="/actors/1"
            >
              <div
                class="wrapImage"
              >
                <img
                  alt="actor"
                  class="image"
                />
              </div>
              <div
                class="content"
              >
                <h2
                  class="title"
                >
                  Kate Beckinsale
                </h2>
                <p
                  class="character"
                >
                  Lindy
                </p>
              </div>
            </a>
            <a
              class="actorCard"
              href="/actors/2"
            >
              <div
                class="wrapImage"
              >
                <img
                  alt="actor"
                  class="image"
                />
              </div>
              <div
                class="content"
              >
                <h2
                  class="title"
                >
                  Stanley Tucci
                </h2>
                <p
                  class="character"
                >
                  Dr. Ivan Munchin
                </p>
              </div>
            </a>
            <a
              class="actorCard"
              href="/actors/3"
            >
              <div
                class="wrapImage"
              >
                <img
                  alt="actor"
                  class="image"
                />
              </div>
              <div
                class="content"
              >
                <h2
                  class="title"
                >
                  Bobby Cannavale
                </h2>
                <p
                  class="character"
                >
                  Detective Vicars
                </p>
              </div>
            </a>
            <a
              class="actorCard"
              href="/actors/4"
            >
              <div
                class="wrapImage"
              >
                <img
                  alt="actor"
                  class="image"
                />
              </div>
              <div
                class="content"
              >
                <h2
                  class="title"
                >
                  Jai Courtney
                </h2>
                <p
                  class="character"
                >
                  Justin
                </p>
              </div>
            </a>
            <a
              class="actorCard"
              href="/actors/5"
            >
              <div
                class="wrapImage"
              >
                <img
                  alt="actor"
                  class="image"
                />
              </div>
              <div
                class="content"
              >
                <h2
                  class="title"
                >
                  Laverne Cox
                </h2>
                <p
                  class="character"
                >
                  Detective Nevin
                </p>
              </div>
            </a>
            <a
              class="actorCard"
              href="/actors/6"
            >
              <div
                class="wrapImage"
              >
                <img
                  alt="actor"
                  class="image"
                />
              </div>
              <div
                class="content"
              >
                <h2
                  class="title"
                >
                  David Bradley
                </h2>
                <p
                  class="character"
                >
                  Gareth Fizel
                </p>
              </div>
            </a>
          </div>
        </div>
      </div>
      <div
        class="blockImages"
      >
        <span
          class="titleImages"
        >
          Images
        </span>
        <div
          class="wrapImages"
        >
          <div
            class="wrapImage"
          >
            <img
              alt="movie"
              class="image"
              src="https://image.tmdb.org/t/p/w500/path1"
            />
          </div>
          <div
            class="wrapImage"
          >
            <img
              alt="movie"
              class="image"
              src="https://image.tmdb.org/t/p/w500/path2"
            />
          </div>
        </div>
      </div>
    </div>
  </div>
</div>
`;
