// Jest Snapshot v1, https://goo.gl/fbAQLP

exports[`ActorProfile should render 1`] = `
<div>
  <div
    class="actorProfile"
  >
    <div
      class="actorDescription"
    >
      <div
        class="wrapPhotoActor"
      >
        <img
          alt=""
          class="photoActor"
        />
      </div>
      <div
        class="infoActor"
      >
        <h2
          class="nameActor"
        >
          Kate Beckinsale
        </h2>
        <div
          class="textBlock"
        >
          <span
            class="title"
          >
            Birthday
            :
          </span>
          <p
            class="text"
          >
            1959-04-15
          </p>
        </div>
        <div
          class="textBlock"
        >
          <span
            class="title"
          >
            Place of birth
            :
          </span>
          <p
            class="text"
          >
            Brest, Belarus
          </p>
        </div>
        <div
          class="textBlock"
        >
          <span
            class="title"
          >
            Biography
            :
          </span>
          <p
            class="text"
          >
            Text
          </p>
        </div>
        <div
          class="photosActor"
        >
          <span
            class="titlePhotosActor"
          >
            Photos
          </span>
          <div
            class="wrapPhotosActor"
          >
            <div
              class="wrapPhotoSmallActor"
            >
              <img
                alt=""
                class="photoSmallActor"
              />
            </div>
            <div
              class="wrapPhotoSmallActor"
            >
              <img
                alt=""
                class="photoSmallActor"
              />
            </div>
            <div
              class="wrapPhotoSmallActor"
            >
              <img
                alt=""
                class="photoSmallActor"
              />
            </div>
            <div
              class="wrapPhotoSmallActor"
            >
              <img
                alt=""
                class="photoSmallActor"
              />
            </div>
          </div>
        </div>
      </div>
    </div>
    <div
      class="knownBy"
    >
      <span
        class="titleKnownBy"
      >
        Known by
      </span>
      <div
        class="wrapMovies"
      >
        <div
          class="wrapMovie"
        >
          <div
            class="movieCard"
          >
            <div
              class="wrapImage"
            >
              <div
                class="overlay"
              />
              <img
                alt=""
                class="image"
                src="https://image.tmdb.org/t/p/w500/film_1.jpg"
              />
              <span
                class="rating"
              >
                68
              </span>
              <div
                class="preview"
              />
            </div>
            <div
              class="content"
            >
              <h2
                class="title"
              >
                Красотка на взводе
              </h2>
              <p
                class="genre"
              />
            </div>
          </div>
        </div>
      </div>
    </div>
  </div>
</div>
`;
