// Jest Snapshot v1, https://goo.gl/fbAQLP

exports[`MovieCard should render 1`] = `
<div>
  <a
    class="movieCard"
    href="/movies/1"
  >
    <div
      class="wrapImage"
    >
      <div
        class="overlay"
      />
      <img
        alt="movie"
        class="image"
        src="https://image.tmdb.org/t/p/w500/film_1.jpg"
      />
      <span
        class="rating"
      >
        68.0
      </span>
      <div
        class="preview"
      />
    </div>
    <div
      class="content"
    >
      <h2
        class="title"
      >
        Красотка на взводе
      </h2>
      <p
        class="genre"
      >
        <span>
          Genre 1
        </span>
        <span>
          Genre 2
        </span>
      </p>
    </div>
  </a>
</div>
`;
