// Jest Snapshot v1, https://goo.gl/fbAQLP

exports[`MovieList should render when search results is empty 1`] = `
<div>
  <div>
    <h3
      class="title"
    >
      Search results:
    </h3>
    <p
      class="noResults"
    >
      No results found
    </p>
  </div>
</div>
`;

exports[`MovieList should render with search results 1`] = `
<div>
  <div>
    <h3
      class="title"
    >
      Search results:
    </h3>
    <div
      class="wrapMovies"
    >
      <div
        class="wrapMovie"
      >
        <a
          class="movieCard"
          href="/movies/1"
        >
          <div
            class="wrapImage"
          >
            <div
              class="overlay"
            />
            <img
              alt="movie"
              class="image"
              src="https://image.tmdb.org/t/p/w500/film_1.jpg"
            />
            <span
              class="rating"
            >
              68.0
            </span>
            <div
              class="preview"
            />
          </div>
          <div
            class="content"
          >
            <h2
              class="title"
            >
              Красотка на взводе
            </h2>
            <p
              class="genre"
            >
              <span>
                Genre 1
              </span>
              <span>
                Genre 2
              </span>
            </p>
          </div>
        </a>
      </div>
      <div
        class="wrapMovie"
      >
        <a
          class="movieCard"
          href="/movies/2"
        >
          <div
            class="wrapImage"
          >
            <div
              class="overlay"
            />
            <img
              alt="movie"
              class="image"
              src="https://image.tmdb.org/t/p/w500/film_2.jpg"
            />
            <span
              class="rating"
            >
              72.0
            </span>
            <div
              class="preview"
            />
          </div>
          <div
            class="content"
          >
            <h2
              class="title"
            >
              Сокровище Счастливчика
            </h2>
            <p
              class="genre"
            >
              <span>
                Genre 1
              </span>
              <span>
                Genre 2
              </span>
            </p>
          </div>
        </a>
      </div>
      <div
        class="wrapMovie"
      >
        <a
          class="movieCard"
          href="/movies/3"
        >
          <div
            class="wrapImage"
          >
            <div
              class="overlay"
            />
            <img
              alt="movie"
              class="image"
              src="https://image.tmdb.org/t/p/w500/film_3.jpg"
            />
            <span
              class="rating"
            >
              76.0
            </span>
            <div
              class="preview"
            />
          </div>
          <div
            class="content"
          >
            <h2
              class="title"
            >
              Сталинград
            </h2>
            <p
              class="genre"
            >
              <span>
                Genre 1
              </span>
            </p>
          </div>
        </a>
      </div>
      <div
        class="wrapMovie"
      >
        <a
          class="movieCard"
          href="/movies/4"
        >
          <div
            class="wrapImage"
          >
            <div
              class="overlay"
            />
            <img
              alt="movie"
              class="image"
              src="https://image.tmdb.org/t/p/w500/film42.jpg"
            />
            <span
              class="rating"
            >
              69.0
            </span>
            <div
              class="preview"
            />
          </div>
          <div
            class="content"
          >
            <h2
              class="title"
            >
              Люди в черном: Интернэшнл
            </h2>
            <p
              class="genre"
            >
              <span>
                Genre 4
              </span>
            </p>
          </div>
        </a>
      </div>
      <div
        class="wrapMovie"
      >
        <a
          class="movieCard"
          href="/movies/5"
        >
          <div
            class="wrapImage"
          >
            <div
              class="overlay"
            />
            <img
              alt="movie"
              class="image"
              src="https://image.tmdb.org/t/p/w500/film_5.jpg"
            />
            <span
              class="rating"
            >
              96.0
            </span>
            <div
              class="preview"
            />
          </div>
          <div
            class="content"
          >
            <h2
              class="title"
            >
              Значит, война
            </h2>
            <p
              class="genre"
            >
              <span>
                Genre 1
              </span>
            </p>
          </div>
        </a>
      </div>
      <div
        class="wrapMovie"
      >
        <a
          class="movieCard"
          href="/movies/6"
        >
          <div
            class="wrapImage"
          >
            <div
              class="overlay"
            />
            <img
              alt="movie"
              class="image"
              src="https://image.tmdb.org/t/p/w500/film_6.jpg"
            />
            <span
              class="rating"
            >
              77.0
            </span>
            <div
              class="preview"
            />
          </div>
          <div
            class="content"
          >
            <h2
              class="title"
            >
              Приключения желтого чемоданчика
            </h2>
            <p
              class="genre"
            >
              <span>
                Genre 1
              </span>
            </p>
          </div>
        </a>
      </div>
      <div
        class="wrapMovie"
      >
        <a
          class="movieCard"
          href="/movies/7"
        >
          <div
            class="wrapImage"
          >
            <div
              class="overlay"
            />
            <img
              alt="movie"
              class="image"
              src="https://image.tmdb.org/t/p/w500/film_7.jpg"
            />
            <span
              class="rating"
            >
              79.0
            </span>
            <div
              class="preview"
            />
          </div>
          <div
            class="content"
          >
            <h2
              class="title"
            >
              Поезд в Пусан
            </h2>
            <p
              class="genre"
            >
              <span>
                Genre 1
              </span>
            </p>
          </div>
        </a>
      </div>
      <div
        class="wrapMovie"
      >
        <a
          class="movieCard"
          href="/movies/8"
        >
          <div
            class="wrapImage"
          >
            <div
              class="overlay"
            />
            <img
              alt="movie"
              class="image"
              src="https://image.tmdb.org/t/p/w500/film_8.jpg"
            />
            <span
              class="rating"
            >
              79.0
            </span>
            <div
              class="preview"
            />
          </div>
          <div
            class="content"
          >
            <h2
              class="title"
            >
              Никто не выжил
            </h2>
            <p
              class="genre"
            >
              <span>
                Genre 3
              </span>
            </p>
          </div>
        </a>
      </div>
      <div
        class="wrapMovie"
      >
        <a
          class="movieCard"
          href="/movies/9"
        >
          <div
            class="wrapImage"
          >
            <div
              class="overlay"
            />
            <img
              alt="movie"
              class="image"
              src="https://image.tmdb.org/t/p/w500/film_9.jpg"
            />
            <span
              class="rating"
            >
              53.0
            </span>
            <div
              class="preview"
            />
          </div>
          <div
            class="content"
          >
            <h2
              class="title"
            >
              Ведьма
            </h2>
            <p
              class="genre"
            >
              <span>
                Genre 1
              </span>
            </p>
          </div>
        </a>
      </div>
      <div
        class="wrapMovie"
      >
        <a
          class="movieCard"
          href="/movies/10"
        >
          <div
            class="wrapImage"
          >
            <div
              class="overlay"
            />
            <img
              alt="movie"
              class="image"
              src="https://image.tmdb.org/t/p/w500/film_10.jpg"
            />
            <span
              class="rating"
            >
              53.0
            </span>
            <div
              class="preview"
            />
          </div>
          <div
            class="content"
          >
            <h2
              class="title"
            >
              Звёздные войны: Пробуждение силы
            </h2>
            <p
              class="genre"
            >
              <span>
                Genre 1
              </span>
            </p>
          </div>
        </a>
      </div>
      <div
        class="wrapMovie"
      >
        <a
          class="movieCard"
          href="/movies/11"
        >
          <div
            class="wrapImage"
          >
            <div
              class="overlay"
            />
            <img
              alt="movie"
              class="image"
              src="https://image.tmdb.org/t/p/w500/film_11.jpg"
            />
            <span
              class="rating"
            >
              58.0
            </span>
            <div
              class="preview"
            />
          </div>
          <div
            class="content"
          >
            <h2
              class="title"
            >
              Марсианин
            </h2>
            <p
              class="genre"
            >
              <span>
                Genre 1
              </span>
            </p>
          </div>
        </a>
      </div>
      <div
        class="wrapMovie"
      >
        <a
          class="movieCard"
          href="/movies/12"
        >
          <div
            class="wrapImage"
          >
            <div
              class="overlay"
            />
            <img
              alt="movie"
              class="image"
              src="https://image.tmdb.org/t/p/w500/film_12jpg"
            />
            <span
              class="rating"
            >
              100.0
            </span>
            <div
              class="preview"
            />
          </div>
          <div
            class="content"
          >
            <h2
              class="title"
            >
              Республика Z
            </h2>
            <p
              class="genre"
            >
              <span>
                Genre 3
              </span>
            </p>
          </div>
        </a>
      </div>
      <div
        class="wrapMovie"
      >
        <a
          class="movieCard"
          href="/movies/13"
        >
          <div
            class="wrapImage"
          >
            <div
              class="overlay"
            />
            <img
              alt="movie"
              class="image"
              src="https://image.tmdb.org/t/p/w500/film_13.jpg"
            />
            <span
              class="rating"
            >
              90.0
            </span>
            <div
              class="preview"
            />
          </div>
          <div
            class="content"
          >
            <h2
              class="title"
            >
              Планета 51
            </h2>
            <p
              class="genre"
            >
              <span>
                Genre 1
              </span>
            </p>
          </div>
        </a>
      </div>
      <div
        class="wrapMovie"
      >
        <a
          class="movieCard"
          href="/movies/14"
        >
          <div
            class="wrapImage"
          >
            <div
              class="overlay"
            />
            <img
              alt="movie"
              class="image"
              src="https://image.tmdb.org/t/p/w500/film_14.jpg"
            />
            <span
              class="rating"
            >
              86.0
            </span>
            <div
              class="preview"
            />
          </div>
          <div
            class="content"
          >
            <h2
              class="title"
            >
              Красные туфельки и семь гномов
            </h2>
            <p
              class="genre"
            >
              <span>
                Genre 1
              </span>
            </p>
          </div>
        </a>
      </div>
      <div
        class="wrapMovie"
      >
        <a
          class="movieCard"
          href="/movies/15"
        >
          <div
            class="wrapImage"
          >
            <div
              class="overlay"
            />
            <img
              alt="movie"
              class="image"
              src="https://image.tmdb.org/t/p/w500/film_15.jpg"
            />
            <span
              class="rating"
            >
              92.0
            </span>
            <div
              class="preview"
            />
          </div>
          <div
            class="content"
          >
            <h2
              class="title"
            >
              Капитошка
            </h2>
            <p
              class="genre"
            >
              <span>
                Genre 1
              </span>
            </p>
          </div>
        </a>
      </div>
      <div
        class="wrapMovie"
      >
        <a
          class="movieCard"
          href="/movies/16"
        >
          <div
            class="wrapImage"
          >
            <div
              class="overlay"
            />
            <img
              alt="movie"
              class="image"
              src="https://image.tmdb.org/t/p/w500/film_16.jpg"
            />
            <span
              class="rating"
            >
              58.0
            </span>
            <div
              class="preview"
            />
          </div>
          <div
            class="content"
          >
            <h2
              class="title"
            >
              Война будущего
            </h2>
            <p
              class="genre"
            >
              <span>
                Genre 1
              </span>
            </p>
          </div>
        </a>
      </div>
      <div
        class="wrapMovie"
      >
        <a
          class="movieCard"
          href="/movies/17"
        >
          <div
            class="wrapImage"
          >
            <div
              class="overlay"
            />
            <img
              alt="movie"
              class="image"
              src="https://image.tmdb.org/t/p/w500/film_17.jpg"
            />
            <span
              class="rating"
            >
              86.0
            </span>
            <div
              class="preview"
            />
          </div>
          <div
            class="content"
          >
            <h2
              class="title"
            >
              Чернобыль
            </h2>
            <p
              class="genre"
            >
              <span>
                Genre 5
              </span>
            </p>
          </div>
        </a>
      </div>
      <div
        class="wrapMovie"
      >
        <a
          class="movieCard"
          href="/movies/18"
        >
          <div
            class="wrapImage"
          >
            <div
              class="overlay"
            />
            <img
              alt="movie"
              class="image"
              src="https://image.tmdb.org/t/p/w500/film_18.jpg"
            />
            <span
              class="rating"
            >
              81.0
            </span>
            <div
              class="preview"
            />
          </div>
          <div
            class="content"
          >
            <h2
              class="title"
            >
              Странный дом
            </h2>
            <p
              class="genre"
            >
              <span>
                Genre 3
              </span>
            </p>
          </div>
        </a>
      </div>
      <div
        class="wrapMovie"
      >
        <a
          class="movieCard"
          href="/movies/19"
        >
          <div
            class="wrapImage"
          >
            <div
              class="overlay"
            />
            <img
              alt="movie"
              class="image"
              src="https://image.tmdb.org/t/p/w500/film_19.jpg"
            />
            <span
              class="rating"
            >
              79.0
            </span>
            <div
              class="preview"
            />
          </div>
          <div
            class="content"
          >
            <h2
              class="title"
            >
              Дальний космос
            </h2>
            <p
              class="genre"
            >
              <span>
                Genre 1
              </span>
            </p>
          </div>
        </a>
      </div>
      <div
        class="wrapMovie"
      >
        <a
          class="movieCard"
          href="/movies/20"
        >
          <div
            class="wrapImage"
          >
            <div
              class="overlay"
            />
            <img
              alt="movie"
              class="image"
              src="https://image.tmdb.org/t/p/w500/film_20.jpg"
            />
            <span
              class="rating"
            >
              20.0
            </span>
            <div
              class="preview"
            />
          </div>
          <div
            class="content"
          >
            <h2
              class="title"
            >
              Мандалорец
            </h2>
            <p
              class="genre"
            >
              <span>
                Genre 1
              </span>
            </p>
          </div>
        </a>
      </div>
    </div>
  </div>
</div>
`;
