// Jest Snapshot v1, https://goo.gl/fbAQLP

exports[`ActorDescription should render 1`] = `
<div>
  <div
    class="actorDescription"
  >
    <div
      class="wrapPhotoActor"
    >
      <img
        alt=""
        class="photoActor"
      />
    </div>
    <div
      class="infoActor"
    >
      <h2
        class="nameActor"
      >
        Kate Beckinsale
      </h2>
      <div
        class="textBlock"
      >
        <span
          class="title"
        >
          Birthday
          :
        </span>
        <p
          class="text"
        >
          1959-04-15
        </p>
      </div>
      <div
        class="textBlock"
      >
        <span
          class="title"
        >
          Place of birth
          :
        </span>
        <p
          class="text"
        >
          Brest, Belarus
        </p>
      </div>
      <div
        class="textBlock"
      >
        <span
          class="title"
        >
          Biography
          :
        </span>
        <p
          class="text"
        >
          Text
        </p>
      </div>
      <div
        class="photosActor"
      >
        <span
          class="titlePhotosActor"
        >
          Photos
        </span>
        <div
          class="wrapPhotosActor"
        >
          <div
            class="wrapPhotoSmallActor"
          >
            <img
              alt=""
              class="photoSmallActor"
            />
          </div>
          <div
            class="wrapPhotoSmallActor"
          >
            <img
              alt=""
              class="photoSmallActor"
            />
          </div>
          <div
            class="wrapPhotoSmallActor"
          >
            <img
              alt=""
              class="photoSmallActor"
            />
          </div>
          <div
            class="wrapPhotoSmallActor"
          >
            <img
              alt=""
              class="photoSmallActor"
            />
          </div>
        </div>
      </div>
    </div>
  </div>
</div>
`;
